es_wifi.c:124:16:ParseNumber	20	static
es_wifi.c:154:13:ParseMAC	20	static
es_wifi.c:174:14:ParseIP	32	static
es_wifi.c:502:25:AT_ExecuteCommand	16	static
es_wifi.c:658:19:ES_WIFI_Init	32	static
es_wifi.c:682:19:ES_WIFI_GetProductID	8	static
es_wifi.c:694:19:ES_WIFI_GetFWRevID	8	static
es_wifi.c:706:19:ES_WIFI_GetProductName	8	static
es_wifi.c:718:19:ES_WIFI_GetAPIRev	8	static
es_wifi.c:730:19:ES_WIFI_GetStackRev	8	static
es_wifi.c:742:19:ES_WIFI_GetRTOSRev	8	static
es_wifi.c:754:19:ES_WIFI_RegisterBusIO	12	static
es_wifi.c:779:19:ES_WIFI_SetTimeout	0	static
es_wifi.c:791:19:ES_WIFI_ListAccessPoints	40	static
es_wifi.c:812:18:ES_WIFI_Connect	24	static
es_wifi.c:849:9:ES_WIFI_IsConnected	0	static
es_wifi.c:858:18:ES_WIFI_Disconnect	8	static
es_wifi.c:869:18:ES_WIFI_GetNetworkSettings	32	static
es_wifi.c:891:18:ES_WIFI_ActivateAP	16	static
es_wifi.c:943:19:ES_WIFI_WaitAPStateChange	24	static
es_wifi.c:1005:18:ES_WIFI_GetMACAddress	16	static
es_wifi.c:1026:18:ES_WIFI_GetIPAddress	0	static
es_wifi.c:1038:18:ES_WIFI_SetMACAddress	32	static
es_wifi.c:1057:18:ES_WIFI_ResetToFactoryDefault	8	static
es_wifi.c:1071:18:ES_WIFI_ResetModule	8	static
es_wifi.c:1086:18:ES_WIFI_SetProductName	16	static
es_wifi.c:1123:18:ES_WIFI_SetUARTBaudRate	16	static
es_wifi.c:1143:18:ES_WIFI_GetUARTConfig	24	static
es_wifi.c:1163:18:ES_WIFI_GetSystemConfig	24	static
es_wifi.c:1183:18:ES_WIFI_Ping	32	static
es_wifi.c:1220:18:ES_WIFI_DNS_LookUp	16	static
es_wifi.c:1243:18:ES_WIFI_StartClientConnection	24	static
es_wifi.c:1288:18:ES_WIFI_StopClientConnection	16	static
es_wifi.c:1372:18:ES_WIFI_StartServerSingleConn	24	static
es_wifi.c:1453:18:ES_WIFI_StopServerSingleConn	8	static
es_wifi.c:1466:18:ES_WIFI_StartServerMultiConn	24	static
es_wifi.c:1559:18:ES_WIFI_StopServerMultiConn	16	static
es_wifi.c:1596:18:ES_WIFI_SendData	40	static
es_wifi.c:1637:18:ES_WIFI_ReceiveData	32	static
